------------------------------------------
Project: flatsim
------------------------------------------
make[1]: Entering directory '/doc/code/multiverse/build'
[ 13%] Built target muli
[ 16%] Built target spdlog
[ 90%] Built target rerun_sdk
[ 90%] Building CXX object CMakeFiles/sensor_example.dir/src/robot.cpp.o
[ 90%] Building CXX object CMakeFiles/sensor_example.dir/src/world.cpp.o
[ 91%] Building CXX object CMakeFiles/sensor_example.dir/src/world/layer.cpp.o
[ 91%] Building CXX object CMakeFiles/mvs.dir/examples/mvs.cpp.o
[ 91%] Building CXX object CMakeFiles/mvs.dir/src/robot.cpp.o
[ 92%] Building CXX object CMakeFiles/mvs.dir/src/world.cpp.o
[ 92%] Building CXX object CMakeFiles/mvs.dir/src/world/layer.cpp.o
/doc/code/multiverse/src/world/layer.cpp: In member function ‘void mvs::Layer::init(mvs::LayerInfo)’:
/doc/code/multiverse/src/world/layer.cpp:27:36: error: no matching function for call to ‘concord::Grid<mvs::GridData>::corners(concord::Datum&)’
   27 |         auto corners = grid.corners(datum);
      |                        ~~~~~~~~~~~~^~~~~~~
In file included from /doc/code/multiverse/build/_deps/concord-src/include/concord/concord.hpp:15,
                 from /doc/code/multiverse/include/multiverse/types.hpp:3,
                 from /doc/code/multiverse/include/multiverse/world/layer.hpp:3,
                 from /doc/code/multiverse/src/world/layer.cpp:1:
/doc/code/multiverse/build/_deps/concord-src/include/concord/geometry/grid/grid.hpp:107:46: note: candidate: ‘std::array<concord::Point, 4> concord::Grid<T>::corners() const [with T = mvs::GridData]’
  107 |         inline std::array<concord::Point, 4> corners() const {
      |                                              ^~~~~~~
/doc/code/multiverse/build/_deps/concord-src/include/concord/geometry/grid/grid.hpp:107:46: note:   candidate expects 0 arguments, 1 provided
/doc/code/multiverse/src/world/layer.cpp:29:35: error: no matching function for call to ‘std::vector<std::array<float, 3> >::push_back(<brace-enclosed initializer list>)’
   29 |             enu_corners_.push_back({float(p.x), float(p.y), 0.0f});
      |             ~~~~~~~~~~~~~~~~~~~~~~^~~~~~~~~~~~~~~~~~~~~~~~~~~~~~~~
In file included from /nix/store/aw0qxjd1phf16qhlwpdb4x87yymfv9rp-gcc-14-20241116/include/c++/14-20241116/vector:66,
                 from /nix/store/aw0qxjd1phf16qhlwpdb4x87yymfv9rp-gcc-14-20241116/include/c++/14-20241116/functional:64,
                 from /doc/code/multiverse/build/_deps/muli-src/src/../include/muli/common.h:11,
                 from /doc/code/multiverse/build/CMakeFiles/sensor_example.dir/cmake_pch.hxx:5,
                 from <command-line>:
/nix/store/aw0qxjd1phf16qhlwpdb4x87yymfv9rp-gcc-14-20241116/include/c++/14-20241116/bits/stl_vector.h:1283:7: note: candidate: ‘constexpr void std::vector<_Tp, _Alloc>::push_back(const value_type&) [with _Tp = std::array<float, 3>; _Alloc = std::allocator<std::array<float, 3> >; value_type = std::array<float, 3>]’
 1283 |       push_back(const value_type& __x)
      |       ^~~~~~~~~
/nix/store/aw0qxjd1phf16qhlwpdb4x87yymfv9rp-gcc-14-20241116/include/c++/14-20241116/bits/stl_vector.h:1283:35: note:   no known conversion for argument 1 from ‘<brace-enclosed initializer list>’ to ‘const std::vector<std::array<float, 3> >::value_type&’ {aka ‘const std::array<float, 3>&’}
 1283 |       push_back(const value_type& __x)
      |                 ~~~~~~~~~~~~~~~~~~^~~
/nix/store/aw0qxjd1phf16qhlwpdb4x87yymfv9rp-gcc-14-20241116/include/c++/14-20241116/bits/stl_vector.h:1300:7: note: candidate: ‘constexpr void std::vector<_Tp, _Alloc>::push_back(value_type&&) [with _Tp = std::array<float, 3>; _Alloc = std::allocator<std::array<float, 3> >; value_type = std::array<float, 3>]’
 1300 |       push_back(value_type&& __x)
      |       ^~~~~~~~~
/nix/store/aw0qxjd1phf16qhlwpdb4x87yymfv9rp-gcc-14-20241116/include/c++/14-20241116/bits/stl_vector.h:1300:30: note:   no known conversion for argument 1 from ‘<brace-enclosed initializer list>’ to ‘std::vector<std::array<float, 3> >::value_type&&’ {aka ‘std::array<float, 3>&&’}
 1300 |       push_back(value_type&& __x)
      |                 ~~~~~~~~~~~~~^~~
/doc/code/multiverse/src/world/layer.cpp:30:35: error: no matching function for call to ‘std::vector<rerun::components::LatLon, std::allocator<rerun::components::LatLon> >::push_back(<brace-enclosed initializer list>)’
   30 |             wgs_corners_.push_back({float(p.wgs.lat), float(p.wgs.lon)});
      |             ~~~~~~~~~~~~~~~~~~~~~~^~~~~~~~~~~~~~~~~~~~~~~~~~~~~~~~~~~~~~
/nix/store/aw0qxjd1phf16qhlwpdb4x87yymfv9rp-gcc-14-20241116/include/c++/14-20241116/bits/stl_vector.h:1283:7: note: candidate: ‘constexpr void std::vector<_Tp, _Alloc>::push_back(const value_type&) [with _Tp = rerun::components::LatLon; _Alloc = std::allocator<rerun::components::LatLon>; value_type = rerun::components::LatLon]’
 1283 |       push_back(const value_type& __x)
      |       ^~~~~~~~~
/nix/store/aw0qxjd1phf16qhlwpdb4x87yymfv9rp-gcc-14-20241116/include/c++/14-20241116/bits/stl_vector.h:1283:35: note:   no known conversion for argument 1 from ‘<brace-enclosed initializer list>’ to ‘const std::vector<rerun::components::LatLon, std::allocator<rerun::components::LatLon> >::value_type&’ {aka ‘const rerun::components::LatLon&’}
 1283 |       push_back(const value_type& __x)
      |                 ~~~~~~~~~~~~~~~~~~^~~
/nix/store/aw0qxjd1phf16qhlwpdb4x87yymfv9rp-gcc-14-20241116/include/c++/14-20241116/bits/stl_vector.h:1300:7: note: candidate: ‘constexpr void std::vector<_Tp, _Alloc>::push_back(value_type&&) [with _Tp = rerun::components::LatLon; _Alloc = std::allocator<rerun::components::LatLon>; value_type = rerun::components::LatLon]’
 1300 |       push_back(value_type&& __x)
      |       ^~~~~~~~~
/nix/store/aw0qxjd1phf16qhlwpdb4x87yymfv9rp-gcc-14-20241116/include/c++/14-20241116/bits/stl_vector.h:1300:30: note:   no known conversion for argument 1 from ‘<brace-enclosed initializer list>’ to ‘std::vector<rerun::components::LatLon, std::allocator<rerun::components::LatLon> >::value_type&&’ {aka ‘rerun::components::LatLon&&’}
 1300 |       push_back(value_type&& __x)
      |                 ~~~~~~~~~~~~~^~~
/doc/code/multiverse/src/world/layer.cpp:36:53: error: ‘struct concord::Point’ has no member named ‘wgs’
   36 |             polygon_corners_wgs_.push_back({float(p.wgs.lat), float(p.wgs.lon)});
      |                                                     ^~~
/doc/code/multiverse/src/world/layer.cpp:36:71: error: ‘struct concord::Point’ has no member named ‘wgs’
   36 |             polygon_corners_wgs_.push_back({float(p.wgs.lat), float(p.wgs.lon)});
      |                                                                       ^~~
/doc/code/multiverse/src/world/layer.cpp:36:43: error: no matching function for call to ‘std::vector<rerun::components::LatLon, std::allocator<rerun::components::LatLon> >::push_back(<brace-enclosed initializer list>)’
   36 |             polygon_corners_wgs_.push_back({float(p.wgs.lat), float(p.wgs.lon)});
      |             ~~~~~~~~~~~~~~~~~~~~~~~~~~~~~~^~~~~~~~~~~~~~~~~~~~~~~~~~~~~~~~~~~~~~
/nix/store/aw0qxjd1phf16qhlwpdb4x87yymfv9rp-gcc-14-20241116/include/c++/14-20241116/bits/stl_vector.h:1283:7: note: candidate: ‘constexpr void std::vector<_Tp, _Alloc>::push_back(const value_type&) [with _Tp = rerun::components::LatLon; _Alloc = std::allocator<rerun::components::LatLon>; value_type = rerun::components::LatLon]’
 1283 |       push_back(const value_type& __x)
      |       ^~~~~~~~~
/nix/store/aw0qxjd1phf16qhlwpdb4x87yymfv9rp-gcc-14-20241116/include/c++/14-20241116/bits/stl_vector.h:1283:35: note:   no known conversion for argument 1 from ‘<brace-enclosed initializer list>’ to ‘const std::vector<rerun::components::LatLon, std::allocator<rerun::components::LatLon> >::value_type&’ {aka ‘const rerun::components::LatLon&’}
 1283 |       push_back(const value_type& __x)
      |                 ~~~~~~~~~~~~~~~~~~^~~
/nix/store/aw0qxjd1phf16qhlwpdb4x87yymfv9rp-gcc-14-20241116/include/c++/14-20241116/bits/stl_vector.h:1300:7: note: candidate: ‘constexpr void std::vector<_Tp, _Alloc>::push_back(value_type&&) [with _Tp = rerun::components::LatLon; _Alloc = std::allocator<rerun::components::LatLon>; value_type = rerun::components::LatLon]’
 1300 |       push_back(value_type&& __x)
      |       ^~~~~~~~~
/nix/store/aw0qxjd1phf16qhlwpdb4x87yymfv9rp-gcc-14-20241116/include/c++/14-20241116/bits/stl_vector.h:1300:30: note:   no known conversion for argument 1 from ‘<brace-enclosed initializer list>’ to ‘std::vector<rerun::components::LatLon, std::allocator<rerun::components::LatLon> >::value_type&&’ {aka ‘rerun::components::LatLon&&’}
 1300 |       push_back(value_type&& __x)
      |                 ~~~~~~~~~~~~~^~~
/doc/code/multiverse/src/world/layer.cpp: In member function ‘void mvs::Layer::init(mvs::LayerInfo)’:
/doc/code/multiverse/src/world/layer.cpp:27:36: error: no matching function for call to ‘concord::Grid<mvs::GridData>::corners(concord::Datum&)’
   27 |         auto corners = grid.corners(datum);
      |                        ~~~~~~~~~~~~^~~~~~~
In file included from /doc/code/multiverse/build/_deps/concord-src/include/concord/concord.hpp:15,
                 from /doc/code/multiverse/include/multiverse/types.hpp:3,
                 from /doc/code/multiverse/include/multiverse/world/layer.hpp:3,
                 from /doc/code/multiverse/src/world/layer.cpp:1:
/doc/code/multiverse/build/_deps/concord-src/include/concord/geometry/grid/grid.hpp:107:46: note: candidate: ‘std::array<concord::Point, 4> concord::Grid<T>::corners() const [with T = mvs::GridData]’
  107 |         inline std::array<concord::Point, 4> corners() const {
      |                                              ^~~~~~~
/doc/code/multiverse/build/_deps/concord-src/include/concord/geometry/grid/grid.hpp:107:46: note:   candidate expects 0 arguments, 1 provided
/doc/code/multiverse/src/world/layer.cpp:29:35: error: no matching function for call to ‘std::vector<std::array<float, 3> >::push_back(<brace-enclosed initializer list>)’
   29 |             enu_corners_.push_back({float(p.x), float(p.y), 0.0f});
      |             ~~~~~~~~~~~~~~~~~~~~~~^~~~~~~~~~~~~~~~~~~~~~~~~~~~~~~~
In file included from /nix/store/aw0qxjd1phf16qhlwpdb4x87yymfv9rp-gcc-14-20241116/include/c++/14-20241116/vector:66,
                 from /nix/store/aw0qxjd1phf16qhlwpdb4x87yymfv9rp-gcc-14-20241116/include/c++/14-20241116/functional:64,
                 from /doc/code/multiverse/build/_deps/muli-src/src/../include/muli/common.h:11,
                 from /doc/code/multiverse/build/CMakeFiles/mvs.dir/cmake_pch.hxx:5,
                 from <command-line>:
/nix/store/aw0qxjd1phf16qhlwpdb4x87yymfv9rp-gcc-14-20241116/include/c++/14-20241116/bits/stl_vector.h:1283:7: note: candidate: ‘constexpr void std::vector<_Tp, _Alloc>::push_back(const value_type&) [with _Tp = std::array<float, 3>; _Alloc = std::allocator<std::array<float, 3> >; value_type = std::array<float, 3>]’
 1283 |       push_back(const value_type& __x)
      |       ^~~~~~~~~
/nix/store/aw0qxjd1phf16qhlwpdb4x87yymfv9rp-gcc-14-20241116/include/c++/14-20241116/bits/stl_vector.h:1283:35: note:   no known conversion for argument 1 from ‘<brace-enclosed initializer list>’ to ‘const std::vector<std::array<float, 3> >::value_type&’ {aka ‘const std::array<float, 3>&’}
 1283 |       push_back(const value_type& __x)
      |                 ~~~~~~~~~~~~~~~~~~^~~
/nix/store/aw0qxjd1phf16qhlwpdb4x87yymfv9rp-gcc-14-20241116/include/c++/14-20241116/bits/stl_vector.h:1300:7: note: candidate: ‘constexpr void std::vector<_Tp, _Alloc>::push_back(value_type&&) [with _Tp = std::array<float, 3>; _Alloc = std::allocator<std::array<float, 3> >; value_type = std::array<float, 3>]’
 1300 |       push_back(value_type&& __x)
      |       ^~~~~~~~~
/nix/store/aw0qxjd1phf16qhlwpdb4x87yymfv9rp-gcc-14-20241116/include/c++/14-20241116/bits/stl_vector.h:1300:30: note:   no known conversion for argument 1 from ‘<brace-enclosed initializer list>’ to ‘std::vector<std::array<float, 3> >::value_type&&’ {aka ‘std::array<float, 3>&&’}
 1300 |       push_back(value_type&& __x)
      |                 ~~~~~~~~~~~~~^~~
/doc/code/multiverse/src/world/layer.cpp:30:35: error: no matching function for call to ‘std::vector<rerun::components::LatLon, std::allocator<rerun::components::LatLon> >::push_back(<brace-enclosed initializer list>)’
   30 |             wgs_corners_.push_back({float(p.wgs.lat), float(p.wgs.lon)});
      |             ~~~~~~~~~~~~~~~~~~~~~~^~~~~~~~~~~~~~~~~~~~~~~~~~~~~~~~~~~~~~
/nix/store/aw0qxjd1phf16qhlwpdb4x87yymfv9rp-gcc-14-20241116/include/c++/14-20241116/bits/stl_vector.h:1283:7: note: candidate: ‘constexpr void std::vector<_Tp, _Alloc>::push_back(const value_type&) [with _Tp = rerun::components::LatLon; _Alloc = std::allocator<rerun::components::LatLon>; value_type = rerun::components::LatLon]’
 1283 |       push_back(const value_type& __x)
      |       ^~~~~~~~~
/nix/store/aw0qxjd1phf16qhlwpdb4x87yymfv9rp-gcc-14-20241116/include/c++/14-20241116/bits/stl_vector.h:1283:35: note:   no known conversion for argument 1 from ‘<brace-enclosed initializer list>’ to ‘const std::vector<rerun::components::LatLon, std::allocator<rerun::components::LatLon> >::value_type&’ {aka ‘const rerun::components::LatLon&’}
 1283 |       push_back(const value_type& __x)
      |                 ~~~~~~~~~~~~~~~~~~^~~
/nix/store/aw0qxjd1phf16qhlwpdb4x87yymfv9rp-gcc-14-20241116/include/c++/14-20241116/bits/stl_vector.h:1300:7: note: candidate: ‘constexpr void std::vector<_Tp, _Alloc>::push_back(value_type&&) [with _Tp = rerun::components::LatLon; _Alloc = std::allocator<rerun::components::LatLon>; value_type = rerun::components::LatLon]’
 1300 |       push_back(value_type&& __x)
      |       ^~~~~~~~~
/nix/store/aw0qxjd1phf16qhlwpdb4x87yymfv9rp-gcc-14-20241116/include/c++/14-20241116/bits/stl_vector.h:1300:30: note:   no known conversion for argument 1 from ‘<brace-enclosed initializer list>’ to ‘std::vector<rerun::components::LatLon, std::allocator<rerun::components::LatLon> >::value_type&&’ {aka ‘rerun::components::LatLon&&’}
 1300 |       push_back(value_type&& __x)
      |                 ~~~~~~~~~~~~~^~~
/doc/code/multiverse/src/world/layer.cpp:36:53: error: ‘struct concord::Point’ has no member named ‘wgs’
   36 |             polygon_corners_wgs_.push_back({float(p.wgs.lat), float(p.wgs.lon)});
      |                                                     ^~~
/doc/code/multiverse/src/world/layer.cpp:36:71: error: ‘struct concord::Point’ has no member named ‘wgs’
   36 |             polygon_corners_wgs_.push_back({float(p.wgs.lat), float(p.wgs.lon)});
      |                                                                       ^~~
/doc/code/multiverse/src/world/layer.cpp:36:43: error: no matching function for call to ‘std::vector<rerun::components::LatLon, std::allocator<rerun::components::LatLon> >::push_back(<brace-enclosed initializer list>)’
   36 |             polygon_corners_wgs_.push_back({float(p.wgs.lat), float(p.wgs.lon)});
      |             ~~~~~~~~~~~~~~~~~~~~~~~~~~~~~~^~~~~~~~~~~~~~~~~~~~~~~~~~~~~~~~~~~~~~
/nix/store/aw0qxjd1phf16qhlwpdb4x87yymfv9rp-gcc-14-20241116/include/c++/14-20241116/bits/stl_vector.h:1283:7: note: candidate: ‘constexpr void std::vector<_Tp, _Alloc>::push_back(const value_type&) [with _Tp = rerun::components::LatLon; _Alloc = std::allocator<rerun::components::LatLon>; value_type = rerun::components::LatLon]’
 1283 |       push_back(const value_type& __x)
      |       ^~~~~~~~~
/nix/store/aw0qxjd1phf16qhlwpdb4x87yymfv9rp-gcc-14-20241116/include/c++/14-20241116/bits/stl_vector.h:1283:35: note:   no known conversion for argument 1 from ‘<brace-enclosed initializer list>’ to ‘const std::vector<rerun::components::LatLon, std::allocator<rerun::components::LatLon> >::value_type&’ {aka ‘const rerun::components::LatLon&’}
 1283 |       push_back(const value_type& __x)
      |                 ~~~~~~~~~~~~~~~~~~^~~
/nix/store/aw0qxjd1phf16qhlwpdb4x87yymfv9rp-gcc-14-20241116/include/c++/14-20241116/bits/stl_vector.h:1300:7: note: candidate: ‘constexpr void std::vector<_Tp, _Alloc>::push_back(value_type&&) [with _Tp = rerun::components::LatLon; _Alloc = std::allocator<rerun::components::LatLon>; value_type = rerun::components::LatLon]’
 1300 |       push_back(value_type&& __x)
      |       ^~~~~~~~~
/nix/store/aw0qxjd1phf16qhlwpdb4x87yymfv9rp-gcc-14-20241116/include/c++/14-20241116/bits/stl_vector.h:1300:30: note:   no known conversion for argument 1 from ‘<brace-enclosed initializer list>’ to ‘std::vector<rerun::components::LatLon, std::allocator<rerun::components::LatLon> >::value_type&&’ {aka ‘rerun::components::LatLon&&’}
 1300 |       push_back(value_type&& __x)
      |                 ~~~~~~~~~~~~~^~~
/doc/code/multiverse/src/robot.cpp: In member function ‘void mvs::Robot::tick(float)’:
/doc/code/multiverse/src/robot.cpp:19:37: error: ‘struct concord::Point’ has no member named ‘wgs’
   19 |         this->info.bound.pose.point.wgs = this->info.bound.pose.point.toWGS(datum);
      |                                     ^~~
/doc/code/multiverse/src/world.cpp: In member function ‘void mvs::World::init(concord::Datum, concord::Size)’:
/doc/code/multiverse/src/world.cpp:27:69: error: no matching function for call to ‘concord::Point::Point(float, float, float, concord::Datum&)’
   27 |             concord::Point(width / 2.0f, -height / 2.0f, 0.0f, datum),
      |                                                                     ^
In file included from /doc/code/multiverse/build/_deps/concord-src/include/concord/core/types/bound.hpp:3,
                 from /doc/code/multiverse/build/_deps/concord-src/include/concord/core/types.hpp:4,
                 from /doc/code/multiverse/build/_deps/concord-src/include/concord/concord.hpp:6,
                 from /doc/code/multiverse/include/multiverse/types.hpp:3,
                 from /doc/code/multiverse/include/multiverse/robot/chasis/hitch.hpp:5,
                 from /doc/code/multiverse/include/multiverse/robot/chasis/chasis.hpp:5,
                 from /doc/code/multiverse/include/multiverse/robot.hpp:9,
                 from /doc/code/multiverse/include/multiverse/world.hpp:9,
                 from /doc/code/multiverse/src/world.cpp:1:
/doc/code/multiverse/build/_deps/concord-src/include/concord/core/types/point.hpp:20:9: note: candidate: ‘constexpr concord::Point::Point()’
   20 |         Point() = default;
      |         ^~~~~
/doc/code/multiverse/build/_deps/concord-src/include/concord/core/types/point.hpp:20:9: note:   candidate expects 0 arguments, 4 provided
/doc/code/multiverse/build/_deps/concord-src/include/concord/core/types/point.hpp:18:9: note: candidate: ‘concord::Point::Point(double, double)’
   18 |         Point(double x_, double y_) : x(x_), y(y_), z(0.0) {}
      |         ^~~~~
/doc/code/multiverse/build/_deps/concord-src/include/concord/core/types/point.hpp:18:9: note:   candidate expects 2 arguments, 4 provided
/doc/code/multiverse/build/_deps/concord-src/include/concord/core/types/point.hpp:17:9: note: candidate: ‘concord::Point::Point(double, double, double)’
   17 |         Point(double x_, double y_, double z_) : x(x_), y(y_), z(z_) {}
      |         ^~~~~
/doc/code/multiverse/build/_deps/concord-src/include/concord/core/types/point.hpp:17:9: note:   candidate expects 3 arguments, 4 provided
/doc/code/multiverse/build/_deps/concord-src/include/concord/core/types/point.hpp:12:12: note: candidate: ‘constexpr concord::Point::Point(const concord::Point&)’
   12 |     struct Point {
      |            ^~~~~
/doc/code/multiverse/build/_deps/concord-src/include/concord/core/types/point.hpp:12:12: note:   candidate expects 1 argument, 4 provided
/doc/code/multiverse/build/_deps/concord-src/include/concord/core/types/point.hpp:12:12: note: candidate: ‘constexpr concord::Point::Point(concord::Point&&)’
/doc/code/multiverse/build/_deps/concord-src/include/concord/core/types/point.hpp:12:12: note:   candidate expects 1 argument, 4 provided
/doc/code/multiverse/src/world.cpp:28:70: error: no matching function for call to ‘concord::Point::Point(float, float, float, concord::Datum&)’
   28 |             concord::Point(-width / 2.0f, -height / 2.0f, 0.0f, datum),
      |                                                                      ^
/doc/code/multiverse/build/_deps/concord-src/include/concord/core/types/point.hpp:20:9: note: candidate: ‘constexpr concord::Point::Point()’
   20 |         Point() = default;
      |         ^~~~~
/doc/code/multiverse/build/_deps/concord-src/include/concord/core/types/point.hpp:20:9: note:   candidate expects 0 arguments, 4 provided
/doc/code/multiverse/build/_deps/concord-src/include/concord/core/types/point.hpp:18:9: note: candidate: ‘concord::Point::Point(double, double)’
   18 |         Point(double x_, double y_) : x(x_), y(y_), z(0.0) {}
      |         ^~~~~
/doc/code/multiverse/build/_deps/concord-src/include/concord/core/types/point.hpp:18:9: note:   candidate expects 2 arguments, 4 provided
/doc/code/multiverse/build/_deps/concord-src/include/concord/core/types/point.hpp:17:9: note: candidate: ‘concord::Point::Point(double, double, double)’
   17 |         Point(double x_, double y_, double z_) : x(x_), y(y_), z(z_) {}
      |         ^~~~~
/doc/code/multiverse/build/_deps/concord-src/include/concord/core/types/point.hpp:17:9: note:   candidate expects 3 arguments, 4 provided
/doc/code/multiverse/build/_deps/concord-src/include/concord/core/types/point.hpp:12:12: note: candidate: ‘constexpr concord::Point::Point(const concord::Point&)’
   12 |     struct Point {
      |            ^~~~~
/doc/code/multiverse/build/_deps/concord-src/include/concord/core/types/point.hpp:12:12: note:   candidate expects 1 argument, 4 provided
/doc/code/multiverse/build/_deps/concord-src/include/concord/core/types/point.hpp:12:12: note: candidate: ‘constexpr concord::Point::Point(concord::Point&&)’
/doc/code/multiverse/build/_deps/concord-src/include/concord/core/types/point.hpp:12:12: note:   candidate expects 1 argument, 4 provided
/doc/code/multiverse/src/world.cpp:29:68: error: no matching function for call to ‘concord::Point::Point(float, float, float, concord::Datum&)’
   29 |             concord::Point(width / 2.0f, height / 2.0f, 0.0f, datum),
      |                                                                    ^
/doc/code/multiverse/build/_deps/concord-src/include/concord/core/types/point.hpp:20:9: note: candidate: ‘constexpr concord::Point::Point()’
   20 |         Point() = default;
      |         ^~~~~
/doc/code/multiverse/build/_deps/concord-src/include/concord/core/types/point.hpp:20:9: note:   candidate expects 0 arguments, 4 provided
/doc/code/multiverse/build/_deps/concord-src/include/concord/core/types/point.hpp:18:9: note: candidate: ‘concord::Point::Point(double, double)’
   18 |         Point(double x_, double y_) : x(x_), y(y_), z(0.0) {}
      |         ^~~~~
/doc/code/multiverse/build/_deps/concord-src/include/concord/core/types/point.hpp:18:9: note:   candidate expects 2 arguments, 4 provided
/doc/code/multiverse/build/_deps/concord-src/include/concord/core/types/point.hpp:17:9: note: candidate: ‘concord::Point::Point(double, double, double)’
   17 |         Point(double x_, double y_, double z_) : x(x_), y(y_), z(z_) {}
      |         ^~~~~
/doc/code/multiverse/build/_deps/concord-src/include/concord/core/types/point.hpp:17:9: note:   candidate expects 3 arguments, 4 provided
/doc/code/multiverse/build/_deps/concord-src/include/concord/core/types/point.hpp:12:12: note: candidate: ‘constexpr concord::Point::Point(const concord::Point&)’
   12 |     struct Point {
      |            ^~~~~
/doc/code/multiverse/build/_deps/concord-src/include/concord/core/types/point.hpp:12:12: note:   candidate expects 1 argument, 4 provided
/doc/code/multiverse/build/_deps/concord-src/include/concord/core/types/point.hpp:12:12: note: candidate: ‘constexpr concord::Point::Point(concord::Point&&)’
/doc/code/multiverse/build/_deps/concord-src/include/concord/core/types/point.hpp:12:12: note:   candidate expects 1 argument, 4 provided
/doc/code/multiverse/src/world.cpp:30:69: error: no matching function for call to ‘concord::Point::Point(float, float, float, concord::Datum&)’
   30 |             concord::Point(-width / 2.0f, height / 2.0f, 0.0f, datum),
      |                                                                     ^
/doc/code/multiverse/build/_deps/concord-src/include/concord/core/types/point.hpp:20:9: note: candidate: ‘constexpr concord::Point::Point()’
   20 |         Point() = default;
      |         ^~~~~
/doc/code/multiverse/build/_deps/concord-src/include/concord/core/types/point.hpp:20:9: note:   candidate expects 0 arguments, 4 provided
/doc/code/multiverse/build/_deps/concord-src/include/concord/core/types/point.hpp:18:9: note: candidate: ‘concord::Point::Point(double, double)’
   18 |         Point(double x_, double y_) : x(x_), y(y_), z(0.0) {}
      |         ^~~~~
/doc/code/multiverse/build/_deps/concord-src/include/concord/core/types/point.hpp:18:9: note:   candidate expects 2 arguments, 4 provided
/doc/code/multiverse/build/_deps/concord-src/include/concord/core/types/point.hpp:17:9: note: candidate: ‘concord::Point::Point(double, double, double)’
   17 |         Point(double x_, double y_, double z_) : x(x_), y(y_), z(z_) {}
      |         ^~~~~
/doc/code/multiverse/build/_deps/concord-src/include/concord/core/types/point.hpp:17:9: note:   candidate expects 3 arguments, 4 provided
/doc/code/multiverse/build/_deps/concord-src/include/concord/core/types/point.hpp:12:12: note: candidate: ‘constexpr concord::Point::Point(const concord::Point&)’
   12 |     struct Point {
      |            ^~~~~
/doc/code/multiverse/build/_deps/concord-src/include/concord/core/types/point.hpp:12:12: note:   candidate expects 1 argument, 4 provided
/doc/code/multiverse/build/_deps/concord-src/include/concord/core/types/point.hpp:12:12: note: candidate: ‘constexpr concord::Point::Point(concord::Point&&)’
/doc/code/multiverse/build/_deps/concord-src/include/concord/core/types/point.hpp:12:12: note:   candidate expects 1 argument, 4 provided
/doc/code/multiverse/src/world.cpp:26:35: error: cannot convert ‘<brace-enclosed initializer list>’ to ‘std::array<concord::Point, 4>’
   26 |         world_bounds.from_pointvec({
      |         ~~~~~~~~~~~~~~~~~~~~~~~~~~^~
   27 |             concord::Point(width / 2.0f, -height / 2.0f, 0.0f, datum),
      |             ~~~~~~~~~~~~~~~~~~~~~~~~~~~~~~~~~~~~~~~~~~~~~~~~~~~~~~~~~~
   28 |             concord::Point(-width / 2.0f, -height / 2.0f, 0.0f, datum),
      |             ~~~~~~~~~~~~~~~~~~~~~~~~~~~~~~~~~~~~~~~~~~~~~~~~~~~~~~~~~~~
   29 |             concord::Point(width / 2.0f, height / 2.0f, 0.0f, datum),
      |             ~~~~~~~~~~~~~~~~~~~~~~~~~~~~~~~~~~~~~~~~~~~~~~~~~~~~~~~~~
   30 |             concord::Point(-width / 2.0f, height / 2.0f, 0.0f, datum),
      |             ~~~~~~~~~~~~~~~~~~~~~~~~~~~~~~~~~~~~~~~~~~~~~~~~~~~~~~~~~~
   31 |         });
      |         ~~                         
In file included from /doc/code/multiverse/build/_deps/concord-src/include/concord/geometry/primitives/primitives.hpp:6,
                 from /doc/code/multiverse/build/_deps/concord-src/include/concord/concord.hpp:18:
/doc/code/multiverse/build/_deps/concord-src/include/concord/geometry/primitives/rectangle.hpp:38:56: note:   initializing argument 1 of ‘void concord::Rectangle::from_pointvec(std::array<concord::Point, 4>)’
   38 |         inline void from_pointvec(std::array<Point, 4> points) {
      |                                   ~~~~~~~~~~~~~~~~~~~~~^~~~~~
/doc/code/multiverse/src/world.cpp: In member function ‘void mvs::World::adjust_word()’:
/doc/code/multiverse/src/world.cpp:57:59: error: no matching function for call to ‘concord::Rectangle::outer_rectangle(std::vector<concord::Bound>&, concord::Datum)’
   57 |         world_bounds = concord::Rectangle::outer_rectangle(bounds, settings.get_datum());
      |                        ~~~~~~~~~~~~~~~~~~~~~~~~~~~~~~~~~~~^~~~~~~~~~~~~~~~~~~~~~~~~~~~~~
/doc/code/multiverse/build/_deps/concord-src/include/concord/geometry/primitives/rectangle.hpp:54:33: note: candidate: ‘static concord::Rectangle concord::Rectangle::outer_rectangle(const std::vector<concord::Bound>&)’
   54 |         static inline Rectangle outer_rectangle(const std::vector<Bound> &bounds) {
      |                                 ^~~~~~~~~~~~~~~
/doc/code/multiverse/build/_deps/concord-src/include/concord/geometry/primitives/rectangle.hpp:54:33: note:   candidate expects 1 argument, 2 provided
/doc/code/multiverse/src/world.cpp: In member function ‘void mvs::World::visualize()’:
/doc/code/multiverse/src/world.cpp:69:51: error: ‘struct concord::Point’ has no member named ‘wgs’
   69 |             float lat = static_cast<float>(corner.wgs.lat);
      |                                                   ^~~
/doc/code/multiverse/src/world.cpp:70:51: error: ‘struct concord::Point’ has no member named ‘wgs’
   70 |             float lon = static_cast<float>(corner.wgs.lon);
      |                                                   ^~~
/doc/code/multiverse/src/world.cpp: In member function ‘void mvs::World::init(concord::Datum, concord::Size)’:
/doc/code/multiverse/src/world.cpp:27:69: error: no matching function for call to ‘concord::Point::Point(float, float, float, concord::Datum&)’
   27 |             concord::Point(width / 2.0f, -height / 2.0f, 0.0f, datum),
      |                                                                     ^
In file included from /doc/code/multiverse/build/_deps/concord-src/include/concord/core/types/bound.hpp:3,
                 from /doc/code/multiverse/build/_deps/concord-src/include/concord/core/types.hpp:4,
                 from /doc/code/multiverse/build/_deps/concord-src/include/concord/concord.hpp:6,
                 from /doc/code/multiverse/include/multiverse/types.hpp:3,
                 from /doc/code/multiverse/include/multiverse/robot/chasis/hitch.hpp:5,
                 from /doc/code/multiverse/include/multiverse/robot/chasis/chasis.hpp:5,
                 from /doc/code/multiverse/include/multiverse/robot.hpp:9,
                 from /doc/code/multiverse/include/multiverse/world.hpp:9,
                 from /doc/code/multiverse/src/world.cpp:1:
/doc/code/multiverse/build/_deps/concord-src/include/concord/core/types/point.hpp:20:9: note: candidate: ‘constexpr concord::Point::Point()’
   20 |         Point() = default;
      |         ^~~~~
/doc/code/multiverse/build/_deps/concord-src/include/concord/core/types/point.hpp:20:9: note:   candidate expects 0 arguments, 4 provided
/doc/code/multiverse/build/_deps/concord-src/include/concord/core/types/point.hpp:18:9: note: candidate: ‘concord::Point::Point(double, double)’
   18 |         Point(double x_, double y_) : x(x_), y(y_), z(0.0) {}
      |         ^~~~~
/doc/code/multiverse/build/_deps/concord-src/include/concord/core/types/point.hpp:18:9: note:   candidate expects 2 arguments, 4 provided
/doc/code/multiverse/build/_deps/concord-src/include/concord/core/types/point.hpp:17:9: note: candidate: ‘concord::Point::Point(double, double, double)’
   17 |         Point(double x_, double y_, double z_) : x(x_), y(y_), z(z_) {}
      |         ^~~~~
/doc/code/multiverse/build/_deps/concord-src/include/concord/core/types/point.hpp:17:9: note:   candidate expects 3 arguments, 4 provided
/doc/code/multiverse/build/_deps/concord-src/include/concord/core/types/point.hpp:12:12: note: candidate: ‘constexpr concord::Point::Point(const concord::Point&)’
   12 |     struct Point {
      |            ^~~~~
/doc/code/multiverse/build/_deps/concord-src/include/concord/core/types/point.hpp:12:12: note:   candidate expects 1 argument, 4 provided
/doc/code/multiverse/build/_deps/concord-src/include/concord/core/types/point.hpp:12:12: note: candidate: ‘constexpr concord::Point::Point(concord::Point&&)’
/doc/code/multiverse/build/_deps/concord-src/include/concord/core/types/point.hpp:12:12: note:   candidate expects 1 argument, 4 provided
/doc/code/multiverse/src/world.cpp:28:70: error: no matching function for call to ‘concord::Point::Point(float, float, float, concord::Datum&)’
   28 |             concord::Point(-width / 2.0f, -height / 2.0f, 0.0f, datum),
      |                                                                      ^
/doc/code/multiverse/build/_deps/concord-src/include/concord/core/types/point.hpp:20:9: note: candidate: ‘constexpr concord::Point::Point()’
   20 |         Point() = default;
      |         ^~~~~
/doc/code/multiverse/build/_deps/concord-src/include/concord/core/types/point.hpp:20:9: note:   candidate expects 0 arguments, 4 provided
/doc/code/multiverse/build/_deps/concord-src/include/concord/core/types/point.hpp:18:9: note: candidate: ‘concord::Point::Point(double, double)’
   18 |         Point(double x_, double y_) : x(x_), y(y_), z(0.0) {}
      |         ^~~~~
/doc/code/multiverse/build/_deps/concord-src/include/concord/core/types/point.hpp:18:9: note:   candidate expects 2 arguments, 4 provided
/doc/code/multiverse/build/_deps/concord-src/include/concord/core/types/point.hpp:17:9: note: candidate: ‘concord::Point::Point(double, double, double)’
   17 |         Point(double x_, double y_, double z_) : x(x_), y(y_), z(z_) {}
      |         ^~~~~
/doc/code/multiverse/build/_deps/concord-src/include/concord/core/types/point.hpp:17:9: note:   candidate expects 3 arguments, 4 provided
/doc/code/multiverse/build/_deps/concord-src/include/concord/core/types/point.hpp:12:12: note: candidate: ‘constexpr concord::Point::Point(const concord::Point&)’
   12 |     struct Point {
      |            ^~~~~
/doc/code/multiverse/build/_deps/concord-src/include/concord/core/types/point.hpp:12:12: note:   candidate expects 1 argument, 4 provided
/doc/code/multiverse/build/_deps/concord-src/include/concord/core/types/point.hpp:12:12: note: candidate: ‘constexpr concord::Point::Point(concord::Point&&)’
/doc/code/multiverse/build/_deps/concord-src/include/concord/core/types/point.hpp:12:12: note:   candidate expects 1 argument, 4 provided
/doc/code/multiverse/src/world.cpp:29:68: error: no matching function for call to ‘concord::Point::Point(float, float, float, concord::Datum&)’
   29 |             concord::Point(width / 2.0f, height / 2.0f, 0.0f, datum),
      |                                                                    ^
/doc/code/multiverse/build/_deps/concord-src/include/concord/core/types/point.hpp:20:9: note: candidate: ‘constexpr concord::Point::Point()’
   20 |         Point() = default;
      |         ^~~~~
/doc/code/multiverse/build/_deps/concord-src/include/concord/core/types/point.hpp:20:9: note:   candidate expects 0 arguments, 4 provided
/doc/code/multiverse/build/_deps/concord-src/include/concord/core/types/point.hpp:18:9: note: candidate: ‘concord::Point::Point(double, double)’
   18 |         Point(double x_, double y_) : x(x_), y(y_), z(0.0) {}
      |         ^~~~~
/doc/code/multiverse/build/_deps/concord-src/include/concord/core/types/point.hpp:18:9: note:   candidate expects 2 arguments, 4 provided
/doc/code/multiverse/build/_deps/concord-src/include/concord/core/types/point.hpp:17:9: note: candidate: ‘concord::Point::Point(double, double, double)’
   17 |         Point(double x_, double y_, double z_) : x(x_), y(y_), z(z_) {}
      |         ^~~~~
/doc/code/multiverse/build/_deps/concord-src/include/concord/core/types/point.hpp:17:9: note:   candidate expects 3 arguments, 4 provided
/doc/code/multiverse/build/_deps/concord-src/include/concord/core/types/point.hpp:12:12: note: candidate: ‘constexpr concord::Point::Point(const concord::Point&)’
   12 |     struct Point {
      |            ^~~~~
/doc/code/multiverse/build/_deps/concord-src/include/concord/core/types/point.hpp:12:12: note:   candidate expects 1 argument, 4 provided
/doc/code/multiverse/build/_deps/concord-src/include/concord/core/types/point.hpp:12:12: note: candidate: ‘constexpr concord::Point::Point(concord::Point&&)’
/doc/code/multiverse/build/_deps/concord-src/include/concord/core/types/point.hpp:12:12: note:   candidate expects 1 argument, 4 provided
/doc/code/multiverse/src/world.cpp:30:69: error: no matching function for call to ‘concord::Point::Point(float, float, float, concord::Datum&)’
   30 |             concord::Point(-width / 2.0f, height / 2.0f, 0.0f, datum),
      |                                                                     ^
/doc/code/multiverse/build/_deps/concord-src/include/concord/core/types/point.hpp:20:9: note: candidate: ‘constexpr concord::Point::Point()’
   20 |         Point() = default;
      |         ^~~~~
/doc/code/multiverse/build/_deps/concord-src/include/concord/core/types/point.hpp:20:9: note:   candidate expects 0 arguments, 4 provided
/doc/code/multiverse/build/_deps/concord-src/include/concord/core/types/point.hpp:18:9: note: candidate: ‘concord::Point::Point(double, double)’
   18 |         Point(double x_, double y_) : x(x_), y(y_), z(0.0) {}
      |         ^~~~~
/doc/code/multiverse/build/_deps/concord-src/include/concord/core/types/point.hpp:18:9: note:   candidate expects 2 arguments, 4 provided
/doc/code/multiverse/build/_deps/concord-src/include/concord/core/types/point.hpp:17:9: note: candidate: ‘concord::Point::Point(double, double, double)’
   17 |         Point(double x_, double y_, double z_) : x(x_), y(y_), z(z_) {}
      |         ^~~~~
/doc/code/multiverse/build/_deps/concord-src/include/concord/core/types/point.hpp:17:9: note:   candidate expects 3 arguments, 4 provided
/doc/code/multiverse/build/_deps/concord-src/include/concord/core/types/point.hpp:12:12: note: candidate: ‘constexpr concord::Point::Point(const concord::Point&)’
   12 |     struct Point {
      |            ^~~~~
/doc/code/multiverse/build/_deps/concord-src/include/concord/core/types/point.hpp:12:12: note:   candidate expects 1 argument, 4 provided
/doc/code/multiverse/build/_deps/concord-src/include/concord/core/types/point.hpp:12:12: note: candidate: ‘constexpr concord::Point::Point(concord::Point&&)’
/doc/code/multiverse/build/_deps/concord-src/include/concord/core/types/point.hpp:12:12: note:   candidate expects 1 argument, 4 provided
/doc/code/multiverse/src/world.cpp:26:35: error: cannot convert ‘<brace-enclosed initializer list>’ to ‘std::array<concord::Point, 4>’
   26 |         world_bounds.from_pointvec({
      |         ~~~~~~~~~~~~~~~~~~~~~~~~~~^~
   27 |             concord::Point(width / 2.0f, -height / 2.0f, 0.0f, datum),
      |             ~~~~~~~~~~~~~~~~~~~~~~~~~~~~~~~~~~~~~~~~~~~~~~~~~~~~~~~~~~
   28 |             concord::Point(-width / 2.0f, -height / 2.0f, 0.0f, datum),
      |             ~~~~~~~~~~~~~~~~~~~~~~~~~~~~~~~~~~~~~~~~~~~~~~~~~~~~~~~~~~~
   29 |             concord::Point(width / 2.0f, height / 2.0f, 0.0f, datum),
      |             ~~~~~~~~~~~~~~~~~~~~~~~~~~~~~~~~~~~~~~~~~~~~~~~~~~~~~~~~~
   30 |             concord::Point(-width / 2.0f, height / 2.0f, 0.0f, datum),
      |             ~~~~~~~~~~~~~~~~~~~~~~~~~~~~~~~~~~~~~~~~~~~~~~~~~~~~~~~~~~
   31 |         });
      |         ~~                         
In file included from /doc/code/multiverse/build/_deps/concord-src/include/concord/geometry/primitives/primitives.hpp:6,
                 from /doc/code/multiverse/build/_deps/concord-src/include/concord/concord.hpp:18:
/doc/code/multiverse/build/_deps/concord-src/include/concord/geometry/primitives/rectangle.hpp:38:56: note:   initializing argument 1 of ‘void concord::Rectangle::from_pointvec(std::array<concord::Point, 4>)’
   38 |         inline void from_pointvec(std::array<Point, 4> points) {
      |                                   ~~~~~~~~~~~~~~~~~~~~~^~~~~~
/doc/code/multiverse/src/robot.cpp: In member function ‘void mvs::Robot::visualize()’:
/doc/code/multiverse/src/robot.cpp:96:54: error: ‘struct concord::Point’ has no member named ‘wgs’
   96 |         auto lat = float(this->info.bound.pose.point.wgs.lat);
      |                                                      ^~~
/doc/code/multiverse/src/robot.cpp:97:54: error: ‘struct concord::Point’ has no member named ‘wgs’
   97 |         auto lon = float(this->info.bound.pose.point.wgs.lon);
      |                                                      ^~~
/doc/code/multiverse/src/robot.cpp: In member function ‘void mvs::Robot::visualize_pulse(float, float, float)’:
/doc/code/multiverse/src/robot.cpp:106:103: error: no matching function for call to ‘concord::Point::Point(double&, double&, float, concord::Datum&)’
  106 |         concord::Point point(this->info.bound.pose.point.x, this->info.bound.pose.point.y, 0.0f, datum);
      |                                                                                                       ^
In file included from /doc/code/multiverse/build/_deps/concord-src/include/concord/core/types/bound.hpp:3,
                 from /doc/code/multiverse/build/_deps/concord-src/include/concord/core/types.hpp:4,
                 from /doc/code/multiverse/build/_deps/concord-src/include/concord/concord.hpp:6,
                 from /doc/code/multiverse/include/multiverse/types.hpp:3,
                 from /doc/code/multiverse/include/multiverse/robot/chasis/hitch.hpp:5,
                 from /doc/code/multiverse/include/multiverse/robot/chasis/chasis.hpp:5,
                 from /doc/code/multiverse/include/multiverse/robot.hpp:9,
                 from /doc/code/multiverse/src/robot.cpp:1:
/doc/code/multiverse/build/_deps/concord-src/include/concord/core/types/point.hpp:20:9: note: candidate: ‘constexpr concord::Point::Point()’
   20 |         Point() = default;
      |         ^~~~~
/doc/code/multiverse/build/_deps/concord-src/include/concord/core/types/point.hpp:20:9: note:   candidate expects 0 arguments, 4 provided
/doc/code/multiverse/build/_deps/concord-src/include/concord/core/types/point.hpp:18:9: note: candidate: ‘concord::Point::Point(double, double)’
   18 |         Point(double x_, double y_) : x(x_), y(y_), z(0.0) {}
      |         ^~~~~
/doc/code/multiverse/build/_deps/concord-src/include/concord/core/types/point.hpp:18:9: note:   candidate expects 2 arguments, 4 provided
/doc/code/multiverse/build/_deps/concord-src/include/concord/core/types/point.hpp:17:9: note: candidate: ‘concord::Point::Point(double, double, double)’
   17 |         Point(double x_, double y_, double z_) : x(x_), y(y_), z(z_) {}
      |         ^~~~~
/doc/code/multiverse/build/_deps/concord-src/include/concord/core/types/point.hpp:17:9: note:   candidate expects 3 arguments, 4 provided
/doc/code/multiverse/build/_deps/concord-src/include/concord/core/types/point.hpp:12:12: note: candidate: ‘constexpr concord::Point::Point(const concord::Point&)’
   12 |     struct Point {
      |            ^~~~~
/doc/code/multiverse/build/_deps/concord-src/include/concord/core/types/point.hpp:12:12: note:   candidate expects 1 argument, 4 provided
/doc/code/multiverse/build/_deps/concord-src/include/concord/core/types/point.hpp:12:12: note: candidate: ‘constexpr concord::Point::Point(concord::Point&&)’
/doc/code/multiverse/build/_deps/concord-src/include/concord/core/types/point.hpp:12:12: note:   candidate expects 1 argument, 4 provided
/doc/code/multiverse/src/robot.cpp:119:44: error: no matching function for call to ‘concord::Circle::as_polygon(int, concord::Datum&)’
  119 |         auto pointss = pulse_enu.as_polygon(50, datum);
      |                        ~~~~~~~~~~~~~~~~~~~~^~~~~~~~~~~
In file included from /doc/code/multiverse/build/_deps/concord-src/include/concord/geometry/primitives/primitives.hpp:4,
                 from /doc/code/multiverse/build/_deps/concord-src/include/concord/concord.hpp:18:
/doc/code/multiverse/build/_deps/concord-src/include/concord/geometry/primitives/circle.hpp:23:35: note: candidate: ‘std::vector<concord::Point> concord::Circle::as_polygon(int) const’
   23 |         inline std::vector<Point> as_polygon(int n = 100) const {
      |                                   ^~~~~~~~~~
/doc/code/multiverse/build/_deps/concord-src/include/concord/geometry/primitives/circle.hpp:23:35: note:   candidate expects 1 argument, 2 provided
/doc/code/multiverse/src/robot.cpp:121:26: error: no matching function for call to ‘std::vector<rerun::datatypes::Vec3D>::push_back(<brace-enclosed initializer list>)’
  121 |             poi.push_back({float(point.x), float(point.y), 0.0f});
      |             ~~~~~~~~~~~~~^~~~~~~~~~~~~~~~~~~~~~~~~~~~~~~~~~~~~~~~
In file included from /nix/store/aw0qxjd1phf16qhlwpdb4x87yymfv9rp-gcc-14-20241116/include/c++/14-20241116/vector:66,
                 from /nix/store/aw0qxjd1phf16qhlwpdb4x87yymfv9rp-gcc-14-20241116/include/c++/14-20241116/functional:64,
                 from /doc/code/multiverse/build/_deps/muli-src/src/../include/muli/common.h:11,
                 from /doc/code/multiverse/build/CMakeFiles/sensor_example.dir/cmake_pch.hxx:5,
                 from <command-line>:
/nix/store/aw0qxjd1phf16qhlwpdb4x87yymfv9rp-gcc-14-20241116/include/c++/14-20241116/bits/stl_vector.h:1283:7: note: candidate: ‘constexpr void std::vector<_Tp, _Alloc>::push_back(const value_type&) [with _Tp = rerun::datatypes::Vec3D; _Alloc = std::allocator<rerun::datatypes::Vec3D>; value_type = rerun::datatypes::Vec3D]’
 1283 |       push_back(const value_type& __x)
      |       ^~~~~~~~~
/nix/store/aw0qxjd1phf16qhlwpdb4x87yymfv9rp-gcc-14-20241116/include/c++/14-20241116/bits/stl_vector.h:1283:35: note:   no known conversion for argument 1 from ‘<brace-enclosed initializer list>’ to ‘const std::vector<rerun::datatypes::Vec3D>::value_type&’ {aka ‘const rerun::datatypes::Vec3D&’}
 1283 |       push_back(const value_type& __x)
      |                 ~~~~~~~~~~~~~~~~~~^~~
/nix/store/aw0qxjd1phf16qhlwpdb4x87yymfv9rp-gcc-14-20241116/include/c++/14-20241116/bits/stl_vector.h:1300:7: note: candidate: ‘constexpr void std::vector<_Tp, _Alloc>::push_back(value_type&&) [with _Tp = rerun::datatypes::Vec3D; _Alloc = std::allocator<rerun::datatypes::Vec3D>; value_type = rerun::datatypes::Vec3D]’
 1300 |       push_back(value_type&& __x)
      |       ^~~~~~~~~
/nix/store/aw0qxjd1phf16qhlwpdb4x87yymfv9rp-gcc-14-20241116/include/c++/14-20241116/bits/stl_vector.h:1300:30: note:   no known conversion for argument 1 from ‘<brace-enclosed initializer list>’ to ‘std::vector<rerun::datatypes::Vec3D>::value_type&&’ {aka ‘rerun::datatypes::Vec3D&&’}
 1300 |       push_back(value_type&& __x)
      |                 ~~~~~~~~~~~~~^~~
/doc/code/multiverse/src/robot.cpp:123:22: error: no matching function for call to ‘std::vector<rerun::datatypes::Vec3D>::push_back(<brace-enclosed initializer list>)’
  123 |         poi.push_back({float(pointss[0].x), float(pointss[0].y), 0.0f});
      |         ~~~~~~~~~~~~~^~~~~~~~~~~~~~~~~~~~~~~~~~~~~~~~~~~~~~~~~~~~~~~~~~
/nix/store/aw0qxjd1phf16qhlwpdb4x87yymfv9rp-gcc-14-20241116/include/c++/14-20241116/bits/stl_vector.h:1283:7: note: candidate: ‘constexpr void std::vector<_Tp, _Alloc>::push_back(const value_type&) [with _Tp = rerun::datatypes::Vec3D; _Alloc = std::allocator<rerun::datatypes::Vec3D>; value_type = rerun::datatypes::Vec3D]’
 1283 |       push_back(const value_type& __x)
      |       ^~~~~~~~~
/nix/store/aw0qxjd1phf16qhlwpdb4x87yymfv9rp-gcc-14-20241116/include/c++/14-20241116/bits/stl_vector.h:1283:35: note:   no known conversion for argument 1 from ‘<brace-enclosed initializer list>’ to ‘const std::vector<rerun::datatypes::Vec3D>::value_type&’ {aka ‘const rerun::datatypes::Vec3D&’}
 1283 |       push_back(const value_type& __x)
      |                 ~~~~~~~~~~~~~~~~~~^~~
/nix/store/aw0qxjd1phf16qhlwpdb4x87yymfv9rp-gcc-14-20241116/include/c++/14-20241116/bits/stl_vector.h:1300:7: note: candidate: ‘constexpr void std::vector<_Tp, _Alloc>::push_back(value_type&&) [with _Tp = rerun::datatypes::Vec3D; _Alloc = std::allocator<rerun::datatypes::Vec3D>; value_type = rerun::datatypes::Vec3D]’
 1300 |       push_back(value_type&& __x)
      |       ^~~~~~~~~
/nix/store/aw0qxjd1phf16qhlwpdb4x87yymfv9rp-gcc-14-20241116/include/c++/14-20241116/bits/stl_vector.h:1300:30: note:   no known conversion for argument 1 from ‘<brace-enclosed initializer list>’ to ‘std::vector<rerun::datatypes::Vec3D>::value_type&&’ {aka ‘rerun::datatypes::Vec3D&&’}
 1300 |       push_back(value_type&& __x)
      |                 ~~~~~~~~~~~~~^~~
/doc/code/multiverse/src/world.cpp: In member function ‘void mvs::World::adjust_word()’:
/doc/code/multiverse/src/world.cpp:57:59: error: no matching function for call to ‘concord::Rectangle::outer_rectangle(std::vector<concord::Bound>&, concord::Datum)’
   57 |         world_bounds = concord::Rectangle::outer_rectangle(bounds, settings.get_datum());
      |                        ~~~~~~~~~~~~~~~~~~~~~~~~~~~~~~~~~~~^~~~~~~~~~~~~~~~~~~~~~~~~~~~~~
/doc/code/multiverse/build/_deps/concord-src/include/concord/geometry/primitives/rectangle.hpp:54:33: note: candidate: ‘static concord::Rectangle concord::Rectangle::outer_rectangle(const std::vector<concord::Bound>&)’
   54 |         static inline Rectangle outer_rectangle(const std::vector<Bound> &bounds) {
      |                                 ^~~~~~~~~~~~~~~
/doc/code/multiverse/build/_deps/concord-src/include/concord/geometry/primitives/rectangle.hpp:54:33: note:   candidate expects 1 argument, 2 provided
/doc/code/multiverse/src/robot.cpp:139:48: error: no matching function for call to ‘concord::Circle::as_polygon(int, concord::Datum&)’
  139 |         auto pointss_gps = pulse_gps.as_polygon(50, datum);
      |                            ~~~~~~~~~~~~~~~~~~~~^~~~~~~~~~~
/doc/code/multiverse/build/_deps/concord-src/include/concord/geometry/primitives/circle.hpp:23:35: note: candidate: ‘std::vector<concord::Point> concord::Circle::as_polygon(int) const’
   23 |         inline std::vector<Point> as_polygon(int n = 100) const {
      |                                   ^~~~~~~~~~
/doc/code/multiverse/build/_deps/concord-src/include/concord/geometry/primitives/circle.hpp:23:35: note:   candidate expects 1 argument, 2 provided
/doc/code/multiverse/src/world.cpp: In member function ‘void mvs::World::visualize()’:
/doc/code/multiverse/src/world.cpp:69:51: error: ‘struct concord::Point’ has no member named ‘wgs’
   69 |             float lat = static_cast<float>(corner.wgs.lat);
      |                                                   ^~~
/doc/code/multiverse/src/world.cpp:70:51: error: ‘struct concord::Point’ has no member named ‘wgs’
   70 |             float lon = static_cast<float>(corner.wgs.lon);
      |                                                   ^~~
/doc/code/multiverse/src/robot.cpp: In member function ‘void mvs::Robot::tick(float)’:
/doc/code/multiverse/src/robot.cpp:19:37: error: ‘struct concord::Point’ has no member named ‘wgs’
   19 |         this->info.bound.pose.point.wgs = this->info.bound.pose.point.toWGS(datum);
      |                                     ^~~
/doc/code/multiverse/src/robot.cpp: In member function ‘void mvs::Robot::visualize()’:
/doc/code/multiverse/src/robot.cpp:96:54: error: ‘struct concord::Point’ has no member named ‘wgs’
   96 |         auto lat = float(this->info.bound.pose.point.wgs.lat);
      |                                                      ^~~
/doc/code/multiverse/src/robot.cpp:97:54: error: ‘struct concord::Point’ has no member named ‘wgs’
   97 |         auto lon = float(this->info.bound.pose.point.wgs.lon);
      |                                                      ^~~
/doc/code/multiverse/src/robot.cpp: In member function ‘void mvs::Robot::visualize_pulse(float, float, float)’:
/doc/code/multiverse/src/robot.cpp:106:103: error: no matching function for call to ‘concord::Point::Point(double&, double&, float, concord::Datum&)’
  106 |         concord::Point point(this->info.bound.pose.point.x, this->info.bound.pose.point.y, 0.0f, datum);
      |                                                                                                       ^
In file included from /doc/code/multiverse/build/_deps/concord-src/include/concord/core/types/bound.hpp:3,
                 from /doc/code/multiverse/build/_deps/concord-src/include/concord/core/types.hpp:4,
                 from /doc/code/multiverse/build/_deps/concord-src/include/concord/concord.hpp:6,
                 from /doc/code/multiverse/include/multiverse/types.hpp:3,
                 from /doc/code/multiverse/include/multiverse/robot/chasis/hitch.hpp:5,
                 from /doc/code/multiverse/include/multiverse/robot/chasis/chasis.hpp:5,
                 from /doc/code/multiverse/include/multiverse/robot.hpp:9,
                 from /doc/code/multiverse/src/robot.cpp:1:
/doc/code/multiverse/build/_deps/concord-src/include/concord/core/types/point.hpp:20:9: note: candidate: ‘constexpr concord::Point::Point()’
   20 |         Point() = default;
      |         ^~~~~
/doc/code/multiverse/build/_deps/concord-src/include/concord/core/types/point.hpp:20:9: note:   candidate expects 0 arguments, 4 provided
/doc/code/multiverse/build/_deps/concord-src/include/concord/core/types/point.hpp:18:9: note: candidate: ‘concord::Point::Point(double, double)’
   18 |         Point(double x_, double y_) : x(x_), y(y_), z(0.0) {}
      |         ^~~~~
/doc/code/multiverse/build/_deps/concord-src/include/concord/core/types/point.hpp:18:9: note:   candidate expects 2 arguments, 4 provided
/doc/code/multiverse/build/_deps/concord-src/include/concord/core/types/point.hpp:17:9: note: candidate: ‘concord::Point::Point(double, double, double)’
   17 |         Point(double x_, double y_, double z_) : x(x_), y(y_), z(z_) {}
      |         ^~~~~
/doc/code/multiverse/build/_deps/concord-src/include/concord/core/types/point.hpp:17:9: note:   candidate expects 3 arguments, 4 provided
/doc/code/multiverse/build/_deps/concord-src/include/concord/core/types/point.hpp:12:12: note: candidate: ‘constexpr concord::Point::Point(const concord::Point&)’
   12 |     struct Point {
      |            ^~~~~
/doc/code/multiverse/build/_deps/concord-src/include/concord/core/types/point.hpp:12:12: note:   candidate expects 1 argument, 4 provided
/doc/code/multiverse/build/_deps/concord-src/include/concord/core/types/point.hpp:12:12: note: candidate: ‘constexpr concord::Point::Point(concord::Point&&)’
/doc/code/multiverse/build/_deps/concord-src/include/concord/core/types/point.hpp:12:12: note:   candidate expects 1 argument, 4 provided
/doc/code/multiverse/src/robot.cpp:119:44: error: no matching function for call to ‘concord::Circle::as_polygon(int, concord::Datum&)’
  119 |         auto pointss = pulse_enu.as_polygon(50, datum);
      |                        ~~~~~~~~~~~~~~~~~~~~^~~~~~~~~~~
In file included from /doc/code/multiverse/build/_deps/concord-src/include/concord/geometry/primitives/primitives.hpp:4,
                 from /doc/code/multiverse/build/_deps/concord-src/include/concord/concord.hpp:18:
/doc/code/multiverse/build/_deps/concord-src/include/concord/geometry/primitives/circle.hpp:23:35: note: candidate: ‘std::vector<concord::Point> concord::Circle::as_polygon(int) const’
   23 |         inline std::vector<Point> as_polygon(int n = 100) const {
      |                                   ^~~~~~~~~~
/doc/code/multiverse/build/_deps/concord-src/include/concord/geometry/primitives/circle.hpp:23:35: note:   candidate expects 1 argument, 2 provided
/doc/code/multiverse/src/robot.cpp:121:26: error: no matching function for call to ‘std::vector<rerun::datatypes::Vec3D>::push_back(<brace-enclosed initializer list>)’
  121 |             poi.push_back({float(point.x), float(point.y), 0.0f});
      |             ~~~~~~~~~~~~~^~~~~~~~~~~~~~~~~~~~~~~~~~~~~~~~~~~~~~~~
In file included from /nix/store/aw0qxjd1phf16qhlwpdb4x87yymfv9rp-gcc-14-20241116/include/c++/14-20241116/vector:66,
                 from /nix/store/aw0qxjd1phf16qhlwpdb4x87yymfv9rp-gcc-14-20241116/include/c++/14-20241116/functional:64,
                 from /doc/code/multiverse/build/_deps/muli-src/src/../include/muli/common.h:11,
                 from /doc/code/multiverse/build/CMakeFiles/mvs.dir/cmake_pch.hxx:5,
                 from <command-line>:
/nix/store/aw0qxjd1phf16qhlwpdb4x87yymfv9rp-gcc-14-20241116/include/c++/14-20241116/bits/stl_vector.h:1283:7: note: candidate: ‘constexpr void std::vector<_Tp, _Alloc>::push_back(const value_type&) [with _Tp = rerun::datatypes::Vec3D; _Alloc = std::allocator<rerun::datatypes::Vec3D>; value_type = rerun::datatypes::Vec3D]’
 1283 |       push_back(const value_type& __x)
      |       ^~~~~~~~~
/nix/store/aw0qxjd1phf16qhlwpdb4x87yymfv9rp-gcc-14-20241116/include/c++/14-20241116/bits/stl_vector.h:1283:35: note:   no known conversion for argument 1 from ‘<brace-enclosed initializer list>’ to ‘const std::vector<rerun::datatypes::Vec3D>::value_type&’ {aka ‘const rerun::datatypes::Vec3D&’}
 1283 |       push_back(const value_type& __x)
      |                 ~~~~~~~~~~~~~~~~~~^~~
/nix/store/aw0qxjd1phf16qhlwpdb4x87yymfv9rp-gcc-14-20241116/include/c++/14-20241116/bits/stl_vector.h:1300:7: note: candidate: ‘constexpr void std::vector<_Tp, _Alloc>::push_back(value_type&&) [with _Tp = rerun::datatypes::Vec3D; _Alloc = std::allocator<rerun::datatypes::Vec3D>; value_type = rerun::datatypes::Vec3D]’
 1300 |       push_back(value_type&& __x)
      |       ^~~~~~~~~
/nix/store/aw0qxjd1phf16qhlwpdb4x87yymfv9rp-gcc-14-20241116/include/c++/14-20241116/bits/stl_vector.h:1300:30: note:   no known conversion for argument 1 from ‘<brace-enclosed initializer list>’ to ‘std::vector<rerun::datatypes::Vec3D>::value_type&&’ {aka ‘rerun::datatypes::Vec3D&&’}
 1300 |       push_back(value_type&& __x)
      |                 ~~~~~~~~~~~~~^~~
/doc/code/multiverse/src/robot.cpp:123:22: error: no matching function for call to ‘std::vector<rerun::datatypes::Vec3D>::push_back(<brace-enclosed initializer list>)’
  123 |         poi.push_back({float(pointss[0].x), float(pointss[0].y), 0.0f});
      |         ~~~~~~~~~~~~~^~~~~~~~~~~~~~~~~~~~~~~~~~~~~~~~~~~~~~~~~~~~~~~~~~
/nix/store/aw0qxjd1phf16qhlwpdb4x87yymfv9rp-gcc-14-20241116/include/c++/14-20241116/bits/stl_vector.h:1283:7: note: candidate: ‘constexpr void std::vector<_Tp, _Alloc>::push_back(const value_type&) [with _Tp = rerun::datatypes::Vec3D; _Alloc = std::allocator<rerun::datatypes::Vec3D>; value_type = rerun::datatypes::Vec3D]’
 1283 |       push_back(const value_type& __x)
      |       ^~~~~~~~~
/nix/store/aw0qxjd1phf16qhlwpdb4x87yymfv9rp-gcc-14-20241116/include/c++/14-20241116/bits/stl_vector.h:1283:35: note:   no known conversion for argument 1 from ‘<brace-enclosed initializer list>’ to ‘const std::vector<rerun::datatypes::Vec3D>::value_type&’ {aka ‘const rerun::datatypes::Vec3D&’}
 1283 |       push_back(const value_type& __x)
      |                 ~~~~~~~~~~~~~~~~~~^~~
/nix/store/aw0qxjd1phf16qhlwpdb4x87yymfv9rp-gcc-14-20241116/include/c++/14-20241116/bits/stl_vector.h:1300:7: note: candidate: ‘constexpr void std::vector<_Tp, _Alloc>::push_back(value_type&&) [with _Tp = rerun::datatypes::Vec3D; _Alloc = std::allocator<rerun::datatypes::Vec3D>; value_type = rerun::datatypes::Vec3D]’
 1300 |       push_back(value_type&& __x)
      |       ^~~~~~~~~
/nix/store/aw0qxjd1phf16qhlwpdb4x87yymfv9rp-gcc-14-20241116/include/c++/14-20241116/bits/stl_vector.h:1300:30: note:   no known conversion for argument 1 from ‘<brace-enclosed initializer list>’ to ‘std::vector<rerun::datatypes::Vec3D>::value_type&&’ {aka ‘rerun::datatypes::Vec3D&&’}
 1300 |       push_back(value_type&& __x)
      |                 ~~~~~~~~~~~~~^~~
/doc/code/multiverse/src/robot.cpp:139:48: error: no matching function for call to ‘concord::Circle::as_polygon(int, concord::Datum&)’
  139 |         auto pointss_gps = pulse_gps.as_polygon(50, datum);
      |                            ~~~~~~~~~~~~~~~~~~~~^~~~~~~~~~~
/doc/code/multiverse/build/_deps/concord-src/include/concord/geometry/primitives/circle.hpp:23:35: note: candidate: ‘std::vector<concord::Point> concord::Circle::as_polygon(int) const’
   23 |         inline std::vector<Point> as_polygon(int n = 100) const {
      |                                   ^~~~~~~~~~
/doc/code/multiverse/build/_deps/concord-src/include/concord/geometry/primitives/circle.hpp:23:35: note:   candidate expects 1 argument, 2 provided
/doc/code/multiverse/examples/mvs.cpp: In function ‘int main(int, char**)’:
/doc/code/multiverse/examples/mvs.cpp:79:13: error: ‘class concord::Polygon’ has no member named ‘from_wgs’
   79 |     polygon.from_wgs(coordinates, world_datum);
      |             ^~~~~~~~
/doc/code/multiverse/examples/mvs.cpp:87:39: error: no matching function for call to ‘concord::Polygon::get_obb(concord::Datum&)’
   87 |     layer_info.bound = polygon.get_obb(world_datum);
      |                        ~~~~~~~~~~~~~~~^~~~~~~~~~~~~
In file included from /doc/code/multiverse/build/_deps/concord-src/include/concord/geometry/grid/grid.hpp:4,
                 from /doc/code/multiverse/build/_deps/concord-src/include/concord/concord.hpp:15,
                 from /doc/code/multiverse/include/multiverse/types.hpp:3,
                 from /doc/code/multiverse/include/multiverse/machines.hpp:3,
                 from /doc/code/multiverse/examples/mvs.cpp:10:
/doc/code/multiverse/build/_deps/concord-src/include/concord/geometry/grid/../polygon/polygon.hpp:77:22: note: candidate: ‘concord::Bound concord::Polygon::get_obb() const’
   77 |         inline Bound get_obb() const {
      |                      ^~~~~~~
/doc/code/multiverse/build/_deps/concord-src/include/concord/geometry/grid/../polygon/polygon.hpp:77:22: note:   candidate expects 0 arguments, 1 provided
/doc/code/multiverse/examples/mvs.cpp:93:23: error: ‘concord::CRS’ has not been declared
   93 |     rc.crs = concord::CRS::WGS;
      |                       ^~~
/doc/code/multiverse/build/_deps/concord-src/include/concord/core/types/point.hpp: At global scope:
/doc/code/multiverse/build/_deps/concord-src/include/concord/core/types/point.hpp:23:20: warning: inline function ‘concord::WGS concord::Point::toWGS(const concord::Datum&) const’ used but never defined
   23 |         inline WGS toWGS(const Datum &datum) const;
      |                    ^~~~~
/doc/code/multiverse/build/_deps/concord-src/include/concord/core/types/point.hpp: At global scope:
/doc/code/multiverse/build/_deps/concord-src/include/concord/core/types/point.hpp:23:20: warning: inline function ‘concord::WGS concord::Point::toWGS(const concord::Datum&) const’ used but never defined
   23 |         inline WGS toWGS(const Datum &datum) const;
      |                    ^~~~~
make[3]: *** [CMakeFiles/sensor_example.dir/build.make:112: CMakeFiles/sensor_example.dir/src/robot.cpp.o] Error 1
make[3]: *** [CMakeFiles/mvs.dir/build.make:272: CMakeFiles/mvs.dir/src/world.cpp.o] Error 1
make[3]: *** Waiting for unfinished jobs....
make[3]: *** Waiting for unfinished jobs....
make[3]: *** [CMakeFiles/mvs.dir/build.make:288: CMakeFiles/mvs.dir/src/world/layer.cpp.o] Error 1
make[3]: *** [CMakeFiles/sensor_example.dir/build.make:288: CMakeFiles/sensor_example.dir/src/world/layer.cpp.o] Error 1
make[3]: *** [CMakeFiles/sensor_example.dir/build.make:272: CMakeFiles/sensor_example.dir/src/world.cpp.o] Error 1
make[2]: *** [CMakeFiles/Makefile2:393: CMakeFiles/sensor_example.dir/all] Error 2
make[2]: *** Waiting for unfinished jobs....
make[3]: *** [CMakeFiles/mvs.dir/build.make:112: CMakeFiles/mvs.dir/src/robot.cpp.o] Error 1
make[3]: *** [CMakeFiles/mvs.dir/build.make:96: CMakeFiles/mvs.dir/examples/mvs.cpp.o] Error 1
make[2]: *** [CMakeFiles/Makefile2:359: CMakeFiles/mvs.dir/all] Error 2
make[1]: *** [Makefile:146: all] Error 2
make[1]: Leaving directory '/doc/code/multiverse/build'
make: *** [Makefile:22: build] Error 2
